[recroom.com/index.html]
[backblue.gif]
[fade.gif]
[index.html]
[recroom.com/community.html]
[recroom.com/careers.html]
[recroom.com/press.html]
[recroom.com/kit.html]
[recroom.com/terms-of-service.html]
[recroom.com/ccpa-ca.html]
[recroom.com/code-of-conduct.html]
[recroom.com/ccoc.html]
[recroom.com/avatar-studio-guidelines.a.delayed]
[recroom.com/ccoc-summary.html]
[recroom.com/safety.html]
[recroom.com/privacy-policy.html]
[recroom.com/gift-card-terms-and-conditions.html]
[recroom.com/index.html]
[recroom.com/using-rec-room-assets.html]
[recroom.com/creative.html]
[recroom.com/community-commerce.html]
[recroom.com/ship-notes.html]
[recroom.com/partners.html]
[recroom.com/studio.html]
[recroom.com/recroomplus.html]
[recroom.com/valentinesday.html]
[recroom.com/researchlab.html]
[recroom.com/parents-guide.html]
[recroom.com/music.html]
[recroom.com/cv2.html]
[recroom.com/community.html]
[recroom.com/historical-directory.html]
[recroom.com/careers.html]
[recroom.com/press.html]
[recroom.com/benefits.html]
[recroom.com/room-moderation-guide.html]
[recroom.com/roomrewardsaug.html]
[recroom.com/roomrewardsleaderboardsaug.html]
[recroom.com/roomrewardssep.html]
[recroom.com/roomrewardsleaderboardssep.html]
[recroom.com/roomrewards.html]
[recroom.com/roomrewardsleaderboards.html]
[recroom.com/creatorfeedback.html]
[recroom.com/kit.html]
[recroom.com/room-tags.html]
[recroom.com/www.jamsadr.2c.delayed]
[recroom.com/terms-of-service.html]
[recroom.com/ccpa-ca.html]
[recroom.com/code-of-conduct.html]
[recroom.com/ccoc.html]
[recroom.com/ccoc-summary.html]
[recroom.com/safety.html]
[recroom.com/privacy-policy.html]
[recroom.com/gift-card-terms-and-conditions.html]
[recroom.com/using-rec-room-assets.html]
[recroom.com/class.2d.delayed]
[recroom.com/creative.html]
[recroom.com/premiuminventions.html]
[recroom.com/roomcurrencies.html]
[recroom.com/roomkeys.html]
[recroom.com/roomconsumables.html]
[recroom.com/customshirts.html]
[recroom.com/bonus.html]
[recroom.com/sellerswag.html]
[recroom.com/roomcurrencypricingcalculator.html]
[recroom.com/pricingrecommendations.html]
[recroom.com/_/www.youtube.com/embed/kIVso4wycpU.379ae1.delayed]
[recroom.com/_/www.youtube.com/embed/kIVso4wycpU.388344.delayed]
[recroom.com/_https_/rec.net/room/LaserTagTargetPractice__^LaserTagTargetPractice_/a_.3a.delayed]
[recroom.com/_https_/rec.net/room/PartyVenue__^PartyVenue.3b.delayed]
[recroom.com/^OffthePier by Ranenbauer, whatsupbro3.3c.delayed]
[recroom.com/community-commerce.html]
[recroom.com/ship-notesa710.html]
[recroom.com/ship-notes/2025/8/18/rec-room-update-the-snap-and-point-edition.html]
[recroom.com/ship-notes/2025/8/11/rec-room-update-the-sharing-is-caring-edition.html]
[recroom.com/ship-notes/2025/8/4/rec-room-update-the-colorful-clouds-edition.html]
[recroom.com/ship-notes/2025/7/28/rec-room-update-the-can-edit-circuits-edition.html]
[recroom.com/ship-notes/2025/7/23/rec-room-update-the-its-dangerous-to-go-alone-take-this-edition.html]
[recroom.com/ship-notes/2025/7/14/rec-room-update-the-thats-my-good-board-edition.html]
[recroom.com/ship-notes/2025/7/7/rec-room-update-the-roomie-fetch-edition.html]
[recroom.com/ship-notes/2025/6/30/rec-room-update-the-sub-or-dub-edition.html]
[recroom.com/ship-notes/2025/6/16/rec-room-update-the-welcome-roomie-edition.html]
[recroom.com/ship-notes/2025/6/9/rec-room-update-the-aura-maxxing-edition.html]
[recroom.com/ship-notes/2025/6/3/rec-room-update-the-vrooms-2-edition.html]
[recroom.com/ship-notes/2025/5/27/rec-room-update-the-standing-slide-edition.html]
[recroom.com/ship-notes/2025/6/23/rec-room-update-the-national-hydration-day-edition.html]
[recroom.com/ship-notes/2025/5/19/rec-room-update-the-find-your-path-edition.html]
[recroom.com/ship-notes/2025/5/14/rec-room-update-the-bye-bye-bear-edition.html]
[recroom.com/ship-notes/2025/5/5/rec-room-update-the-see-yourself-in-rooms-2-edition.html]
[recroom.com/ship-notes/2025/4/28/rec-room-update-the-golden-week-edition.html]
[recroom.com/ship-notes/2025/4/13/rec-room-update-the-paint-your-body-edition.html]
[recroom.com/ship-notes/2025/4/8/rec-room-update-the-appendage-collision-edition.html]
[recroom.com/ship-notes/2025/4/2/rec-room-update-the-get-rotated-edition.html]
[recroom.com/ship-notes.html]
[recroom.com/ship-notes97d0.html]
[recroom.com/videopartner.html]
[recroom.com/videopartnerrules.html]
[recroom.com/vps.html]
[recroom.com/sponsoredleagues.html]
[recroom.com/partners.html]
[recroom.com/studio.html]
[recroom.com/recroomplus.html]
[recroom.com/createaleague.html]
[recroom.com/_https_/www.youtube.com/embed/H-2Epogz1cI.626b6f.delayed]
[recroom.com/_https_/www.youtube.com/embed/H-2Epogz1cI.63250f.delayed]
[recroom.com/valentinesday.html]
[recroom.com/researchlab.html]
[recroom.com/parents-guide.html]
[recroom.com/music.html]
[recroom.com/_/cdn.embedly.com/widgets/media.64d5ad.delayed]
[recroom.com/cv2.html]
[recroom.com/creatorsconference.html]
[recroom.com/creatorsconferenceschedule.html]
[recroom.com/recrocks.html]
[recroom.com/invasion.html]
[recroom.com/scienceparty.html]
[recroom.com/invasion2.html]
[recroom.com/hauntsociety.html]
[recroom.com/creator-program.html]
[recroom.com/contestmadscience.html]
[recroom.com/contest-winners.html]
[recroom.com/fallfestival.html]
[recroom.com/wonderland.html]
[recroom.com/getaway.html]
[recroom.com/highseas.html]
[recroom.com/carnivale.html]
[recroom.com/mystery.html]
[recroom.com/movie-magic.html]
[recroom.com/hiddenworlds.html]
[recroom.com/stranded.html]
[recroom.com/folklore.html]
[recroom.com/summercamp.html]
[recroom.com/solstice.html]
[recroom.com/rhythmandrooms.html]
[recroom.com/contest-circuits.html]
[recroom.com/videocontest.html]
[recroom.com/comedyvideocontest.html]
[recroom.com/video-contest-3.html]
[recroom.com/videocontest4.html]
[recroom.com/videocontest5.html]
[recroom.com/videocontest6.html]
[recroom.com/artcontest.html]
[recroom.com/art.html]
[recroom.com/art3.html]
[recroom.com/art-contest-4-winners.html]
[recroom.com/artcontest5winners.html]
[recroom.com/artcontest6.html]
[recroom.com/artcontest6winners.html]
[recroom.com/art-contest-7-submissions.html]
[recroom.com/memecontestwinners.html]
[recroom.com/photocontest1winners.html]
[recroom.com/photocontest2.html]
[recroom.com/photocontest3.html]
[recroom.com/photo4.html]
[recroom.com/photo4winners.html]
[recroom.com/superhero-photo-contest.html]
[recroom.com/photo-contest-5-winners.html]
[recroom.com/memecontest.html]
[recroom.com/game-jam-2020.html]
[recroom.com/gamejam.html]
[recroom.com/gamejam2022.html]
[recroom.com/gamejam-gng.html]
[recroom.com/gamejam2022spring.html]
[recroom.com/reccon2020.html]
[recroom.com/reccon2021.html]
[recroom.com/reccon2022.html]
[recroom.com/reccon-2023.html]
[recroom.com/reccon.html]
[recroom.com/recroyaletourney.html]
[recroom.com/lasertagtourney.html]
[recroom.com/2018inreview.html]
[recroom.com/subscribermilestone.html]
[recroom.com/treasurehunt.html]
[recroom.com/treasurehunt-creators.html]
[recroom.com/tiktokgiveaway.html]
[recroom.com/shorts.html]
[recroom.com/android.html]
[recroom.com/reclympics.html]
[recroom.com/supersuitcontest.html]
[recroom.com/artsfestival.html]
[recroom.com/artsfestivalschedule.html]
[recroom.com/valentinesday2023.html]
[recroom.com/trickshot.html]
[recroom.com/trickshotwinners.html]
[recroom.com/fourthfridays.html]
[recroom.com/kevinplush.html]
[recroom.com/tmnt.html]
[recroom.com/showdown.html]
[recroom.com/reccenter.html]
[recroom.com/mitm.html]
[recroom.com/winterwonderland.html]
[recroom.com/snowflakesearch.html]
[recroom.com/historical-directory.html]
[recroom.com/benefits.html]
[recroom.com/room-moderation-guide.html]
[recroom.com/roomrewardsaug.html]
[recroom.com/pcgiveawayrules.html]
[recroom.com/roomrewardsleaderboardsjul.b9.delayed]
[recroom.com/room-rewards-november.ba.delayed]
[recroom.com/roomrewardsleaderboardsaug.html]
[recroom.com/roomrewardssep.html]
[recroom.com/roomrewardsleaderboardssep.html]
[recroom.com/roomrewards.html]
[recroom.com/roomrewardsleaderboards.html]
[recroom.com/creatorfeedback.html]
[recroom.com/room-tags.html]
[recroom.com/homea409]
[recroom.com/_/cdn.embedly.com/widgets/media.bf615c.delayed]
[recroom.com/premiuminventions.html]
[recroom.com/_/cdn.embedly.com/widgets/media.c07457.delayed]
[recroom.com/roomcurrencies.html]
[recroom.com/_/cdn.embedly.com/widgets/media.c18142.delayed]
[recroom.com/roomkeys.html]
[recroom.com/_/cdn.embedly.com/widgets/media.c3d12e.delayed]
[recroom.com/roomconsumables.html]
[recroom.com/_https_/rec.net/user/Plague_Playz__Plague_Playz_/a_,.c4.delayed]
[recroom.com/_https_/rec.net/user/SoulFoxGaming_.c5.delayed]
[recroom.com/_https_/rec.net/user/SATCONCook_.c6.delayed]
[recroom.com/_https_/rec.net/user/KasiCatGirl_.c7.delayed]
[recroom.com/_https_/rec.net/user/EyesDraws_.c8.delayed]
[recroom.com/customshirts.html]
[recroom.com/bonus.html]
[recroom.com/sellerswag.html]
[recroom.com/roomcurrencypricingcalculator.html]
[recroom.com/pricingrecommendations.html]
[recroom.com/ship-notesa710.html]
[recroom.com/ship-notes/2025/8/18/rec-room-update-the-snap-and-point-edition.html]
[recroom.com/ship-notes/2025/8/11/rec-room-update-the-sharing-is-caring-edition.html]
[recroom.com/ship-notes/2025/8/4/rec-room-update-the-colorful-clouds-edition.html]
[recroom.com/ship-notes/2025/7/28/rec-room-update-the-can-edit-circuits-edition.html]
[recroom.com/ship-notes/2025/7/23/rec-room-update-the-its-dangerous-to-go-alone-take-this-edition.html]
[recroom.com/ship-notes/2025/7/14/rec-room-update-the-thats-my-good-board-edition.html]
[recroom.com/ship-notes/2025/7/7/rec-room-update-the-roomie-fetch-edition.html]
[recroom.com/ship-notes/2025/6/30/rec-room-update-the-sub-or-dub-edition.html]
[recroom.com/ship-notes/2025/6/16/rec-room-update-the-welcome-roomie-edition.html]
[recroom.com/ship-notes/2025/6/9/rec-room-update-the-aura-maxxing-edition.html]
[recroom.com/ship-notes/2025/6/3/rec-room-update-the-vrooms-2-edition.html]
[recroom.com/ship-notes/2025/5/27/rec-room-update-the-standing-slide-edition.html]
[recroom.com/ship-notes/2025/6/23/rec-room-update-the-national-hydration-day-edition.html]
[recroom.com/ship-notes/2025/5/19/rec-room-update-the-find-your-path-edition.html]
[recroom.com/ship-notes/2025/5/14/rec-room-update-the-bye-bye-bear-edition.html]
[recroom.com/ship-notes/2025/5/5/rec-room-update-the-see-yourself-in-rooms-2-edition.html]
[recroom.com/ship-notes/2025/4/28/rec-room-update-the-golden-week-edition.html]
[recroom.com/ship-notes/2025/4/13/rec-room-update-the-paint-your-body-edition.html]
[recroom.com/ship-notes/2025/4/8/rec-room-update-the-appendage-collision-edition.html]
[recroom.com/ship-notes0508.html]
[recroom.com/ship-notes/2025/4/2/rec-room-update-the-get-rotated-edition.html]
[recroom.com/ship-notes/2025/3/24/rec-room-update-the-pick-your-nose-edition.html]
[recroom.com/ship-notes/2025/3/17/rec-room-update-the-eyes-and-eyebrows-and-mouth-and-nose-edition.html]
[recroom.com/ship-notes/2025/3/10/rec-room-update-the-1hz-donut-edition.html]
[recroom.com/ship-notes/g2sexdn5b9rswkmwf8mr6xwdnwxtb3.html]
[recroom.com/ship-notes/2025/2/18/rec-room-update-the-replicated-chips-amp-guacamole-edition.html]
[recroom.com/ship-notes/2025/2/3/rec-room-update-the-you-might-wanna-sit-down-for-this-edition.html]
[recroom.com/ship-notes/2025/1/27/rec-room-update-the-road-to-rooms-2-edition.html]
[recroom.com/ship-notes/2025/1/22/rec-room-patch-the-first-of-the-year-edition.html]
[recroom.com/ship-notes/2025/1/14/rec-room-update-the-first-of-the-year-edition.html]
[recroom.com/ship-notes/2024/12/9/rec-room-patch-the-last-of-the-year-edition.html]
[recroom.com/ship-notes/2024/11/22/rec-room-update-the-the-big-one-edition.html]
[recroom.com/ship-notes/2024/11/13/rec-room-patch-the-little-wonders-edition.html]
[recroom.com/ship-notes/2024/10/28/rec-room-patch-the-place-precisely-edition.html]
[recroom.com/ship-notes/2024/10/21/rec-room-patch-the-updated-update-edition.html]
[recroom.com/ship-notes/2024/10/7/rec-room-update-the-rectober-2024-edition.html]
[recroom.com/ship-notes/2024/9/30/rec-room-update-the-fully-functioning-edition.html]
[recroom.com/ship-notes/2024/9/23/rec-room-update-the-nothing-to-see-here-edition.html]
[recroom.com/ship-notes/2024/9/16/rec-room-update-the-upgraded-bean-edition.html]
[recroom.com/ship-notes/2024/9/10/rec-room-update-the-fall-cleaning-edition.html]
[recroom.com/ship-notes/2024/9/4/rec-room-update-the-all-that-and-a-bag-of-chips-edition.html]
[recroom.com/ship-notes52b5.html]
[recroom.com/ship-notes97d0.html]
[recroom.com/videopartner.html]
[recroom.com/videopartnerrules.html]
[recroom.com/vps.html]
[recroom.com/sponsoredleagues.html]
[recroom.com/createaleague.html]
[recroom.com/creatorsconference.html]
[recroom.com/creatorsconferenceschedule.html]
[recroom.com/recrocks.html]
[recroom.com/ship-notes70af.html]
[recroom.com/_/cdn.embedly.com/widgets/media.ebe685.delayed]
[recroom.com/invasion.html]
[recroom.com/_https_/www.youtube.com/embed/MuWUhi5lAbw.ec6b6f.delayed]
[recroom.com/_https_/www.youtube.com/embed/MuWUhi5lAbw.ed250f.delayed]
[recroom.com/scienceparty.html]
[recroom.com/_https_/www.youtube.com/embed/RbG7tuXhK64.ee6b6f.delayed]
[recroom.com/_https_/www.youtube.com/embed/RbG7tuXhK64.ef250f.delayed]
[recroom.com/invasion2.html]
[recroom.com/_/cdn.embedly.com/widgets/media.f0bee2.delayed]
[recroom.com/hauntsociety.html]
[recroom.com/creator-program.html]
[recroom.com/_/www.youtube.com/embed/7kQm0JUY-SM.f1ff92.delayed]
[recroom.com/_/www.youtube.com/embed/7kQm0JUY-SM.f287df.delayed]
[recroom.com/contestmadscience.html]
[recroom.com/_/www.youtube.com/embed/rx_2O7OeFIk.f39ae1.delayed]
[recroom.com/_/www.youtube.com/embed/rx_2O7OeFIk.f48344.delayed]
[recroom.com/contest-winners.html]
[recroom.com/fallfestival.html]
[recroom.com/wonderland.html]
[recroom.com/getaway.html]
[recroom.com/highseas.html]
[recroom.com/carnivale.html]
[recroom.com/mystery.html]
[recroom.com/movie-magic.html]
[recroom.com/hiddenworlds.html]
[recroom.com/stranded.html]
[recroom.com/TheLegendofProdosia.f5.delayed]
[recroom.com/folklore.html]
[recroom.com/summercamp.html]
[recroom.com/solstice.html]
[recroom.com/rhythmandrooms.html]
[recroom.com/contest-circuits.html]
[recroom.com/_/www.youtube.com/embed/dBeetHkra8E.f69ae1.delayed]
[recroom.com/_/www.youtube.com/embed/dBeetHkra8E.f78344.delayed]
[recroom.com/videocontest.html]
[recroom.com/_/www.youtube.com/embed/MHuZssFeQTE.f89ae1.delayed]
[recroom.com/_/www.youtube.com/embed/MHuZssFeQTE.f98344.delayed]
[recroom.com/comedyvideocontest.html]
[recroom.com/_/www.youtube.com/embed/jk6Ti5TWrDQ.fa9ae1.delayed]
[recroom.com/_/www.youtube.com/embed/jk6Ti5TWrDQ.fb8344.delayed]
[recroom.com/video-contest-3.html]
[recroom.com/_/cdn.embedly.com/widgets/media.fc9318.delayed]
[recroom.com/videocontest4.html]
[recroom.com/_/cdn.embedly.com/widgets/media.fd053d.delayed]
[recroom.com/videocontest5.html]
[recroom.com/_/cdn.embedly.com/widgets/media.fe73b5.delayed]
[recroom.com/videocontest6.html]
[recroom.com/artcontest.html]
[recroom.com/art.html]
[recroom.com/art3.html]
[recroom.com/art-contest-4-winners.html]
[recroom.com/artcontest5winners.html]
[recroom.com/submitart.ff.delayed]
[recroom.com/artcontest6.html]
[recroom.com/artcontest6winners.html]
[recroom.com/art-contest-7-submissions.html]
[recroom.com/_/www.youtube.com/embed/M2EZqt77cSg.1008873.delayed]
[recroom.com/_/www.youtube.com/embed/-gDzUe88XwA.1018873.delayed]
[recroom.com/_/www.youtube.com/embed/FrhxCnIWsVM.1028873.delayed]
[recroom.com/_/www.youtube.com/embed/RqDT8Mf6nIo.1038873.delayed]
[recroom.com/_/www.youtube.com/embed/esJYxM01tMk.1048873.delayed]
[recroom.com/_/www.youtube.com/embed/FHIYV12-y7U.1058873.delayed]
[recroom.com/_/www.youtube.com/embed/Vk2-WZRu-N8.1068873.delayed]
[recroom.com/_/www.youtube.com/embed/VzUpXjXndfQ.1078873.delayed]
[recroom.com/_/www.youtube.com/embed/8Ov0hVsDKRc.1088873.delayed]
[recroom.com/_/www.youtube.com/embed/ZkSppJ9A5Xg.1098873.delayed]
[recroom.com/memecontestwinners.html]
[recroom.com/photocontest1winners.html]
[recroom.com/_/www.youtube.com/embed/tkiMS1xP1p4.10a9ae1.delayed]
[recroom.com/_/www.youtube.com/embed/tkiMS1xP1p4.10b8344.delayed]
[recroom.com/photocontest2.html]
[recroom.com/photocontest3.html]
[recroom.com/_/www.youtube.com/embed/WKZZC4am8ik.10c9ae1.delayed]
[recroom.com/_/www.youtube.com/embed/WKZZC4am8ik.10d8344.delayed]
[recroom.com/photo4.html]
[recroom.com/photo4winners.html]
[recroom.com/superhero-photo-contest.html]
[recroom.com/photo-contest-5-winners.html]
[recroom.com/memecontest.html]
[recroom.com/game-jam-2020.html]
[recroom.com/gamejam.html]
[recroom.com/gamejam2022.html]
[recroom.com/gamejam-gng.html]
[recroom.com/gamejam2022spring.html]
[recroom.com/reccon-schedule.10e.delayed]
[recroom.com/reccon2020.html]
[recroom.com/reccon-panels.10f.delayed]
[recroom.com/reccon2021.html]
[recroom.com/reccon2022.html]
[recroom.com/reccon-schedule-2023.110.delayed]
[recroom.com/reccon-2023.html]
[recroom.com/reccon.html]
[recroom.com/recroyaletourney.html]
[recroom.com/lasertagtourney.html]
[recroom.com/_/www.youtube.com/embed/55CteR3bXEc.1119ae1.delayed]
[recroom.com/_/www.youtube.com/embed/55CteR3bXEc.1128344.delayed]
[recroom.com/2018inreview.html]
[recroom.com/_/cdn.embedly.com/widgets/media.1139104.delayed]
[recroom.com/subscribermilestone.html]
[recroom.com/treasurehunt.html]
[recroom.com/treasurehunt-creators.html]
[recroom.com/_/cdn.embedly.com/widgets/media.1140c46.delayed]
[recroom.com/tiktokgiveaway.html]
[recroom.com/_/cdn.embedly.com/widgets/media.11523d9.delayed]
[recroom.com/_/cdn.embedly.com/widgets/media.1166595.delayed]
[recroom.com/_/cdn.embedly.com/widgets/media.1175ca1.delayed]
[recroom.com/_/cdn.embedly.com/widgets/media.118fec6.delayed]
[recroom.com/shorts.html]
[recroom.com/_/cdn.embedly.com/widgets/media.1195d22.delayed]
[recroom.com/android.html]
[recroom.com/reclympics.html]
[recroom.com/supersuitcontest.html]
[recroom.com/arts-festival-submissions.11a.delayed]
[recroom.com/battleofthebands.11b.delayed]
[recroom.com/artsfestival.html]
[recroom.com/artsfestivalschedule.html]
[recroom.com/valentinesday2023.html]
[recroom.com/_/cdn.embedly.com/widgets/media.11d20c4.delayed]
[recroom.com/trickshot.html]
[recroom.com/_/cdn.embedly.com/widgets/media.11e6482.delayed]
[recroom.com/_/cdn.embedly.com/widgets/media.11f4efb.delayed]
[recroom.com/trickshotwinners.html]
[recroom.com/_https_/www.youtube.com/embed/fXcdzTqDI2w.1206b6f.delayed]
[recroom.com/_https_/www.youtube.com/embed/fXcdzTqDI2w.121250f.delayed]
[recroom.com/fourthfridays.html]
[recroom.com/kevinplush.html]
[recroom.com/_https_/www.youtube.com/embed/JepfVZR6qTE.1226b6f.delayed]
[recroom.com/_https_/www.youtube.com/embed/JepfVZR6qTE.123250f.delayed]
[recroom.com/tmnt.html]
[recroom.com/_/cdn.embedly.com/widgets/media.124df23.delayed]
[recroom.com/showdown.html]
[recroom.com/reccenter.html]
[recroom.com/_https_/www.youtube.com/embed/euXWHGTjxEk.1256b6f.delayed]
[recroom.com/_https_/www.youtube.com/embed/euXWHGTjxEk.126250f.delayed]
[recroom.com/mitm.html]
[recroom.com/_https_/www.youtube.com/embed/fUxmD_oSDBg.1276b6f.delayed]
[recroom.com/_https_/www.youtube.com/embed/fUxmD_oSDBg.128250f.delayed]
[recroom.com/winterwonderland.html]
[recroom.com/snowflakesearch.html]
[recroom.com/pcgiveawayrules.html]
[recroom.com/ship-notes1b30.html]
[recroom.com/ship-notes0508.html]
[recroom.com/ship-notes/2025/3/24/rec-room-update-the-pick-your-nose-edition.html]
[recroom.com/ship-notes/2025/3/17/rec-room-update-the-eyes-and-eyebrows-and-mouth-and-nose-edition.html]
[recroom.com/ship-notes/2025/3/10/rec-room-update-the-1hz-donut-edition.html]
[recroom.com/ship-notes/g2sexdn5b9rswkmwf8mr6xwdnwxtb3.html]
[recroom.com/ship-notes/2025/2/18/rec-room-update-the-replicated-chips-amp-guacamole-edition.html]
[recroom.com/ship-notes/2025/2/3/rec-room-update-the-you-might-wanna-sit-down-for-this-edition.html]
[recroom.com/ship-notes/2025/1/27/rec-room-update-the-road-to-rooms-2-edition.html]
[recroom.com/ship-notes/2025/1/22/rec-room-patch-the-first-of-the-year-edition.html]
[recroom.com/ship-notes/2025/1/14/rec-room-update-the-first-of-the-year-edition.html]
[recroom.com/ship-notes/2024/12/9/rec-room-patch-the-last-of-the-year-edition.html]
[recroom.com/ship-notes/2024/11/22/rec-room-update-the-the-big-one-edition.html]
[recroom.com/ship-notes/2024/11/13/rec-room-patch-the-little-wonders-edition.html]
[recroom.com/ship-notes/2024/10/28/rec-room-patch-the-place-precisely-edition.html]
[recroom.com/ship-notes/2024/10/21/rec-room-patch-the-updated-update-edition.html]
[recroom.com/ship-notes/2024/10/7/rec-room-update-the-rectober-2024-edition.html]
[recroom.com/ship-notes/2024/9/30/rec-room-update-the-fully-functioning-edition.html]
[recroom.com/ship-notes/2024/9/23/rec-room-update-the-nothing-to-see-here-edition.html]
[recroom.com/ship-notes/2024/9/16/rec-room-update-the-upgraded-bean-edition.html]
[recroom.com/ship-notes/2024/9/10/rec-room-update-the-fall-cleaning-edition.html]
[recroom.com/ship-notes4cab.html]
[recroom.com/ship-notes/2024/9/4/rec-room-update-the-all-that-and-a-bag-of-chips-edition.html]
[recroom.com/ship-notes52b5.html]
[recroom.com/ship-notes/2024/8/19/rec-room-update-the-bool-spits-lazy-facts-edition.html]
[recroom.com/ship-notes/2024/8/12/rec-room-update-the-dry-eyes-edition.html]
[recroom.com/ship-notes/2024/8/5/rec-room-update-the-we-added-a-tldr-section-edition.html]
[recroom.com/ship-notes/2024/7/29/rec-room-update-the-my-little-template-edition.html]
[recroom.com/ship-notes/2024/7/22/rec-room-update-the-strike-a-hand-pose-edition.html]
[recroom.com/ship-notes/2024/7/8/rec-room-update-the-hands-on-edition.html]
[recroom.com/ship-notes/2024/7/1/rec-room-update-the-free-movement-edition.html]
[recroom.com/ship-notes/2024/6/25/rec-room-patch-the-full-body-beta-buddies-edition.html]
[recroom.com/ship-notes/2024/6/17/rec-room-update-the-full-body-beta-buddies-edition.html]
[recroom.com/ship-notes/2024/6/11/rec-room-update-the-fun-with-functions-edition.html]
[recroom.com/ship-notes/2024/6/3/rec-room-update-the-pathfinder-update.html]
[recroom.com/ship-notes/2024/5/29/rec-room-update-the-its-you-in-cv2-edition.html]
[recroom.com/ship-notes/2024/5/13/rec-room-update-the-im-famous-in-rooms-2-edition.html]
[recroom.com/_/imgur.com/a/QCIoUxE/___/a__/blockquote__/div__script.138.delayed]
[recroom.com/_/s.imgur.com/min/embed.js/_.139.delayed]
[recroom.com/ship-notes/2024/5/6/rec-room-update-the-copypaste-edition.html]
[recroom.com/ship-notes/2024/4/30/rec-room-update-the-just-a-few-more-shapes-edition.html]
[recroom.com/ship-notes/2024/4/22/rec-room-patch-the-look-ma-my-hands-are-reoriented-edition.html]
[recroom.com/ship-notes/2024/4/15/rec-room-patch-the-look-ma-my-hands-are-reoriented-edition.html]
[recroom.com/ship-notes/2024/4/1/rec-room-update-the-look-ma-my-hands-are-reoriented-edition.html]
[recroom.com/ship-notes/2024/3/25/rec-room-patch-the-reloaded-edition.html]
[recroom.com/ship-notes/2024/3/18/rec-room-patch-the-reloaded-edition.html]
[recroom.com/ship-notes3b6c.html]
[recroom.com/ship-notes70af.html]
[recroom.com/ship-notesa409]
[recroom.com/ship-notes1b30.html]
[recroom.com/ship-notes72cd.html]
[recroom.com/ship-notes3c33.html]
[recroom.com/ship-notes4cab.html]
[recroom.com/ship-notes/2024/8/19/rec-room-update-the-bool-spits-lazy-facts-edition.html]
[recroom.com/ship-notes/2024/8/12/rec-room-update-the-dry-eyes-edition.html]
[recroom.com/ship-notes/2024/8/5/rec-room-update-the-we-added-a-tldr-section-edition.html]
[recroom.com/ship-notes/2024/7/29/rec-room-update-the-my-little-template-edition.html]
[recroom.com/ship-notes/2024/7/22/rec-room-update-the-strike-a-hand-pose-edition.html]
[recroom.com/ship-notes/2024/7/8/rec-room-update-the-hands-on-edition.html]
[recroom.com/ship-notes/2024/7/1/rec-room-update-the-free-movement-edition.html]
[recroom.com/ship-notes/2024/6/25/rec-room-patch-the-full-body-beta-buddies-edition.html]
[recroom.com/ship-notes/2024/6/17/rec-room-update-the-full-body-beta-buddies-edition.html]
[recroom.com/ship-notes/2024/6/11/rec-room-update-the-fun-with-functions-edition.html]
[recroom.com/ship-notes/2024/6/3/rec-room-update-the-pathfinder-update.html]
[recroom.com/ship-notes/2024/5/29/rec-room-update-the-its-you-in-cv2-edition.html]
[recroom.com/ship-notes/2024/5/13/rec-room-update-the-im-famous-in-rooms-2-edition.html]
[recroom.com/ship-notes/2024/5/6/rec-room-update-the-copypaste-edition.html]
[recroom.com/ship-notes/2024/4/30/rec-room-update-the-just-a-few-more-shapes-edition.html]
[recroom.com/ship-notes/2024/4/22/rec-room-patch-the-look-ma-my-hands-are-reoriented-edition.html]
[recroom.com/ship-notes/2024/4/15/rec-room-patch-the-look-ma-my-hands-are-reoriented-edition.html]
[recroom.com/ship-notes/2024/4/1/rec-room-update-the-look-ma-my-hands-are-reoriented-edition.html]
[recroom.com/ship-notes/2024/3/25/rec-room-patch-the-reloaded-edition.html]
[recroom.com/ship-notese8ae.html]
[recroom.com/ship-notes/2024/3/18/rec-room-patch-the-reloaded-edition.html]
[recroom.com/ship-notes/2024/3/11/rec-room-update-the-reloaded-edition.html]
[recroom.com/ship-notes3b6c.html]
[recroom.com/ship-notes4825.html]
[recroom.com/ship-notes/2024/3/4/rec-room-patch-the-too-much-to-handles-edition.html]
[recroom.com/ship-notes/2024/2/28/rec-room-patch-the-too-much-to-handles-edition.html]
[recroom.com/ship-notes/2024/2/22/rec-room-patch-the-too-much-to-handles-edition.html]
[recroom.com/ship-notes/2024/2/13/rec-room-patch-the-too-much-to-handles-edition.html]
[recroom.com/ship-notes/2024/2/5/rec-room-patch-the-too-much-to-handles-edition.html]
[recroom.com/ship-notes/2024/1/21/rec-room-patch-the-too-much-to-handles-edition.html]
[recroom.com/ship-notes/2024/1/16/rec-room-patch-the-too-much-to-handles-edition.html]
[recroom.com/ship-notes/2024/1/10/rec-room-update-the-too-much-to-handles-edition.html]
[recroom.com/ship-notes/2023/12/11/rec-room-patch-the-coming-to-a-beta-near-you-edition.html]
[recroom.com/ship-notes/2023/12/4/rec-room-patch-the-coming-to-a-beta-near-you-edition.html]
[recroom.com/ship-notes/2023/11/28/rec-room-patch-the-coming-to-a-beta-near-you-edition.html]
[recroom.com/ship-notes/2023/11/7/rec-room-patch-the-coming-to-a-beta-near-you-edition.html]
[recroom.com/ship-notes/2023/10/24/rec-room-patch-the-coming-to-a-beta-near-you-edition.html]
[recroom.com/ship-notes/2023/10/10/rec-room-patch-the-coming-to-a-beta-near-you-edition.html]
[recroom.com/ship-notes/2023/9/11/rec-room-patch-the-make-it-to-midnight-edition.html]
[recroom.com/ship-notes/2023/9/5/rec-room-patch-the-make-it-to-midnight-edition.html]
[recroom.com/ship-notes/2023/8/28/rec-room-update-the-make-it-to-midnight-edition.html]
[recroom.com/ship-notes/2023/8/15/rec-room-patch-the-home-sweet-home-edition.html]
[recroom.com/ship-notes/2023/8/10/rec-room-patch-the-home-sweet-home-edition.html]
[recroom.com/ship-notesdad5.html]
[recroom.com/ship-notes72cd.html]
[recroom.com/ship-notesd562.html]
[recroom.com/ship-notes3c33.html]
[recroom.com/ship-notes1884.html]
[recroom.com/ship-notes7563.html]
[recroom.com/ship-notese8ae.html]
[recroom.com/ship-notes/2024/3/11/rec-room-update-the-reloaded-edition.html]
[recroom.com/ship-notes4825.html]
[recroom.com/ship-notes/2024/3/4/rec-room-patch-the-too-much-to-handles-edition.html]
[recroom.com/ship-notes/2024/2/28/rec-room-patch-the-too-much-to-handles-edition.html]
[recroom.com/ship-notes/2024/2/22/rec-room-patch-the-too-much-to-handles-edition.html]
[recroom.com/ship-notes/2024/2/13/rec-room-patch-the-too-much-to-handles-edition.html]
[recroom.com/ship-notes/2024/2/5/rec-room-patch-the-too-much-to-handles-edition.html]
[recroom.com/ship-notes/2024/1/21/rec-room-patch-the-too-much-to-handles-edition.html]
[recroom.com/ship-notes/2024/1/16/rec-room-patch-the-too-much-to-handles-edition.html]
[recroom.com/ship-notes/2024/1/10/rec-room-update-the-too-much-to-handles-edition.html]
[recroom.com/ship-notes/2023/12/11/rec-room-patch-the-coming-to-a-beta-near-you-edition.html]
[recroom.com/ship-notes/2023/12/4/rec-room-patch-the-coming-to-a-beta-near-you-edition.html]
[recroom.com/ship-notes/2023/11/28/rec-room-patch-the-coming-to-a-beta-near-you-edition.html]
[recroom.com/ship-notes/2023/11/7/rec-room-patch-the-coming-to-a-beta-near-you-edition.html]
[recroom.com/ship-notes/2023/10/24/rec-room-patch-the-coming-to-a-beta-near-you-edition.html]
[recroom.com/ship-notes/2023/10/10/rec-room-patch-the-coming-to-a-beta-near-you-edition.html]
[recroom.com/ship-notes/2023/9/11/rec-room-patch-the-make-it-to-midnight-edition.html]
[recroom.com/ship-notes/2023/9/5/rec-room-patch-the-make-it-to-midnight-edition.html]
[recroom.com/ship-notes/2023/8/28/rec-room-update-the-make-it-to-midnight-edition.html]
[recroom.com/ship-notes/2023/8/15/rec-room-patch-the-home-sweet-home-edition.html]
[recroom.com/ship-notes7686.html]
[recroom.com/ship-notes/2023/8/10/rec-room-patch-the-home-sweet-home-edition.html]
[recroom.com/ship-notesdad5.html]
[recroom.com/ship-notes/2023/7/31/rec-room-patch-the-home-sweet-home-edition.html]
[recroom.com/ship-notes/2023/7/24/rec-room-patch-the-home-sweet-home-edition.html]
[recroom.com/ship-notes/2023/7/3/rec-room-update-the-home-sweet-home-edition.html]
[recroom.com/ship-notes/2023/6/20/rec-room-patch-the-extreme-fire-crunch-edition.html]
[recroom.com/ship-notes/2023/6/7/rec-room-patch-the-extreme-fire-crunch-edition.html]
[recroom.com/ship-notes/2023/5/31/rec-room-patch-the-extreme-fire-crunch-edition.html]
[recroom.com/ship-notes/2023/5/22/rec-room-patch-the-extreme-fire-crunch-edition.html]
[recroom.com/ship-notes/2023/5/15/rec-room-update-the-extreme-fire-crunch-flavor.html]
[recroom.com/ship-notes/2023/5/8/rec-room-patch-the-all-that-and-a-bag-of-chips-edition.html]
[recroom.com/ship-notes/2023/5/3/rec-room-patch-the-all-that-and-a-bag-of-chips-edition.html]
[recroom.com/ship-notes/2023/4/27/rec-room-patch-the-all-that-and-a-bag-of-chips-edition.html]
[recroom.com/ship-notes/2023/4/17/rec-room-patch-the-all-that-and-a-bag-of-chips-edition.html]
[recroom.com/ship-notes/2023/4/11/rec-room-patch-the-all-that-and-a-bag-of-chips-edition.html]
[recroom.com/ship-notes/2023/4/4/rec-room-patch-the-all-that-and-a-bag-of-chips-edition.html]
[recroom.com/ship-notes/2023/3/28/rec-room-patch-the-all-that-and-a-bag-of-chips-edition.html]
[recroom.com/ship-notes/2023/3/20/rec-room-update-the-all-that-and-a-bag-of-chips-edition.html]
[recroom.com/ship-notes/2023/3/6/rec-room-update-the-shape-up-edition.html]
[recroom.com/ship-notes/2023/2/27/rec-room-patch-the-holy-update-coach-edition.html]
[recroom.com/ship-notes/2023/2/21/rec-room-patch-the-holy-update-coach-edition.html]
[recroom.com/ship-notes/2023/2/14/rec-room-patch-the-holy-update-coach-edition.html]
[recroom.com/ship-notes0d6d.html]
[recroom.com/ship-notesd562.html]
[recroom.com/ship-notes1884.html]
[recroom.com/ship-notes7563.html]
[recroom.com/ship-notes8f5f.html]
[recroom.com/ship-notes2a56.html]
[recroom.com/ship-notes7686.html]
[recroom.com/ship-notes/2023/7/31/rec-room-patch-the-home-sweet-home-edition.html]
[recroom.com/ship-notes/2023/7/24/rec-room-patch-the-home-sweet-home-edition.html]
[recroom.com/ship-notes/2023/7/3/rec-room-update-the-home-sweet-home-edition.html]
[recroom.com/ship-notes/2023/6/20/rec-room-patch-the-extreme-fire-crunch-edition.html]
[recroom.com/ship-notes/2023/6/7/rec-room-patch-the-extreme-fire-crunch-edition.html]
[recroom.com/ship-notes/2023/5/31/rec-room-patch-the-extreme-fire-crunch-edition.html]
[recroom.com/ship-notes/2023/5/22/rec-room-patch-the-extreme-fire-crunch-edition.html]
[recroom.com/ship-notes/2023/5/15/rec-room-update-the-extreme-fire-crunch-flavor.html]
[recroom.com/ship-notes/2023/5/8/rec-room-patch-the-all-that-and-a-bag-of-chips-edition.html]
[recroom.com/ship-notes/2023/5/3/rec-room-patch-the-all-that-and-a-bag-of-chips-edition.html]
[recroom.com/ship-notes/2023/4/27/rec-room-patch-the-all-that-and-a-bag-of-chips-edition.html]
[recroom.com/ship-notes/2023/4/17/rec-room-patch-the-all-that-and-a-bag-of-chips-edition.html]
[recroom.com/ship-notes/2023/4/11/rec-room-patch-the-all-that-and-a-bag-of-chips-edition.html]
[recroom.com/ship-notes/2023/4/4/rec-room-patch-the-all-that-and-a-bag-of-chips-edition.html]
[recroom.com/ship-notes/2023/3/28/rec-room-patch-the-all-that-and-a-bag-of-chips-edition.html]
[recroom.com/ship-notes/2023/3/20/rec-room-update-the-all-that-and-a-bag-of-chips-edition.html]
[recroom.com/ship-notes/2023/3/6/rec-room-update-the-shape-up-edition.html]
[recroom.com/ship-notes/2023/2/27/rec-room-patch-the-holy-update-coach-edition.html]
[recroom.com/ship-notes/2023/2/21/rec-room-patch-the-holy-update-coach-edition.html]
[recroom.com/ship-notesed7b.html]
[recroom.com/ship-notes/2023/2/14/rec-room-patch-the-holy-update-coach-edition.html]
[recroom.com/ship-notes0d6d.html]
[recroom.com/ship-notes/2023/2/7/rec-room-patch-the-holy-update-coach-edition.html]
[recroom.com/ship-notes/2023/1/30/rec-room-update-the-holy-update-coach-edition.html]
[recroom.com/ship-notes/2023/1/23/rec-room-patch-the-not-in-87-anymore-edition.html]
[recroom.com/ship-notes/2023/1/3/rec-room-update-the-not-in-87-anymore-edition.html]
[recroom.com/ship-notes/2022/12/14/rec-room-patch-the-winter-wonderland-22-edition.html]
[recroom.com/ship-notes/2022/12/6/rec-room-patch-the-winter-wonderland-22-edition.html]
[recroom.com/ship-notes/2022/11/28/rec-room-update-the-winter-wonderland-22-edition.html]
[recroom.com/ship-notes/2022/11/14/rec-room-patch-the-for-local-eyes-only-edition.html]
[recroom.com/meta.html]
[recroom.com/ship-notes/2022/11/3/rec-room-update-the-for-local-eyes-only-edition.html]
[recroom.com/ship-notes/2022/10/17/rec-room-patch-the-off-the-old-block-edition.html]
[recroom.com/ship-notes/2022/10/11/rec-room-update-the-off-the-old-block-edition.html]
[recroom.com/ship-notes/2022/9/21/rec-room-patch-the-showdown-edition.html]
[recroom.com/inkinc).185.delayed]
[recroom.com/ship-notes/2022/9/15/rec-room-patch-the-showdown-edition.html]
[recroom.com/ship-notes/2022/8/25/rec-room-update-the-showdown-edition.html]
[recroom.com/ship-notes/2022/8/15/rec-room-patch-the-in-control-edition.html]
[recroom.com/ship-notes/2022/8/8/rec-room-patch-the-in-control-edition.html]
[recroom.com/ship-notes/2022/7/18/rec-room-patch-the-in-control-edition.html]
[recroom.com/ship-notes/2022/7/12/rec-room-patch-the-in-control-edition.html]
[recroom.com/ship-notes/2022/7/6/rec-room-update-the-in-control-edition.html]
[recroom.com/ship-notes/2022/6/22/rec-room-patch-the-custom-shirts-edition.html]
[recroom.com/ship-notesc84a.html]
[recroom.com/ship-notes8f5f.html]
[recroom.com/ship-notes2a56.html]
[recroom.com/ship-notes991b.html]
[recroom.com/ship-notes47c6.html]
[recroom.com/ship-notesed7b.html]
[recroom.com/ship-notes/2023/2/7/rec-room-patch-the-holy-update-coach-edition.html]
[recroom.com/ship-notes/2023/1/30/rec-room-update-the-holy-update-coach-edition.html]
[recroom.com/ship-notes/2023/1/23/rec-room-patch-the-not-in-87-anymore-edition.html]
[recroom.com/ship-notes/2023/1/3/rec-room-update-the-not-in-87-anymore-edition.html]
[recroom.com/ship-notes/2022/12/14/rec-room-patch-the-winter-wonderland-22-edition.html]
[recroom.com/ship-notes/2022/12/6/rec-room-patch-the-winter-wonderland-22-edition.html]
[recroom.com/ship-notes/2022/11/28/rec-room-update-the-winter-wonderland-22-edition.html]
[recroom.com/ship-notes/2022/11/14/rec-room-patch-the-for-local-eyes-only-edition.html]
[recroom.com/meta.html]
[recroom.com/ship-notes/2022/11/3/rec-room-update-the-for-local-eyes-only-edition.html]
[recroom.com/ship-notes/2022/10/17/rec-room-patch-the-off-the-old-block-edition.html]
[recroom.com/ship-notes/2022/10/11/rec-room-update-the-off-the-old-block-edition.html]
[recroom.com/ship-notes/2022/9/21/rec-room-patch-the-showdown-edition.html]
[recroom.com/ship-notes/2022/9/15/rec-room-patch-the-showdown-edition.html]
[recroom.com/ship-notes/2022/8/25/rec-room-update-the-showdown-edition.html]
[recroom.com/ship-notes/2022/8/15/rec-room-patch-the-in-control-edition.html]
[recroom.com/ship-notes/2022/8/8/rec-room-patch-the-in-control-edition.html]
[recroom.com/ship-notes/2022/7/18/rec-room-patch-the-in-control-edition.html]
[recroom.com/ship-notes/2022/7/12/rec-room-patch-the-in-control-edition.html]
[recroom.com/ship-notes/2022/7/6/rec-room-update-the-in-control-edition.html]
[recroom.com/ship-notes9fd9.html]
[recroom.com/ship-notes/2022/6/22/rec-room-patch-the-custom-shirts-edition.html]
[recroom.com/ship-notesc84a.html]
[recroom.com/ship-notes/2022/6/14/rec-room-update-the-custom-shirts-edition.html]
[recroom.com/ship-notes/2022/6/7/rec-room-patch-the-hungry-try-the-feed-edition.html]
[recroom.com/ship-notes/2022/5/31/rec-room-update-the-hungry-try-the-feed-edition.html]
[recroom.com/ship-notes/2022/5/26/rec-room-patch-the-under-construction-edition.html]
[recroom.com/ship-notes/2022/5/18/rec-room-patch-the-under-construction-edition.html]
[recroom.com/ship-notes/2022/5/11/rec-room-update-the-under-construction-edition.html]
[recroom.com/ship-notes/2022/4/27/rec-room-update-the-prom-edition.html]
[recroom.com/ship-notes/2022/4/20/rec-room-patch-the-say-cheese-edition.html]
[recroom.com/ship-notes/2022/4/7/rec-room-patch-the-say-cheese-edition.html]
[recroom.com/ship-notes/2022/3/29/rec-room-update-the-new-big-shot-edition.html]
[recroom.com/ship-notes/2022/3/22/rec-room-patch-the-new-profile-who-dis-edition.html]
[recroom.com/ship-notes/2022/3/15/rec-room-patch-the-new-profile-who-dis-edition.html]
[recroom.com/ship-notes/2022/3/8/rec-room-update-the-new-profile-who-dis-edition.html]
[recroom.com/ship-notes/2022/3/1/rec-room-patch-the-maker-pen-makeover-edition.html]
[recroom.com/ship-notes/2022/2/24/rec-room-update-the-maker-pen-makeover-edition.html]
[recroom.com/ship-notes/2022/2/15/rec-room-update-the-wheres-my-cape-edition.html]
[recroom.com/ship-notes/2022/2/8/rec-room-patch-the-winter-wonderland-edition.html]
[recroom.com/ship-notes/2022/1/27/rec-room-patch-the-winter-wonderland-edition.html]
[recroom.com/ship-notes/2022/1/19/rec-room-patch-the-winter-wonderland-edition.html]
[recroom.com/ship-notes/2021/12/13/rec-room-update-the-winter-wonderland-edition.html]
[recroom.com/ship-notesebfe.html]
[recroom.com/ship-notes991b.html]
[recroom.com/ship-notes47c6.html]
[recroom.com/ship-notescaae.html]
[recroom.com/ship-notesa439.html]
[recroom.com/ship-notes9fd9.html]
[recroom.com/ship-notes/2022/6/14/rec-room-update-the-custom-shirts-edition.html]
[recroom.com/ship-notes/2022/6/7/rec-room-patch-the-hungry-try-the-feed-edition.html]
[recroom.com/ship-notes/2022/5/31/rec-room-update-the-hungry-try-the-feed-edition.html]
[recroom.com/ship-notes/2022/5/26/rec-room-patch-the-under-construction-edition.html]
[recroom.com/ship-notes/2022/5/18/rec-room-patch-the-under-construction-edition.html]
[recroom.com/ship-notes/2022/5/11/rec-room-update-the-under-construction-edition.html]
[recroom.com/ship-notes/2022/4/27/rec-room-update-the-prom-edition.html]
[recroom.com/ship-notes/2022/4/20/rec-room-patch-the-say-cheese-edition.html]
[recroom.com/ship-notes/2022/4/7/rec-room-patch-the-say-cheese-edition.html]
[recroom.com/ship-notes/2022/3/29/rec-room-update-the-new-big-shot-edition.html]
[recroom.com/ship-notes/2022/3/22/rec-room-patch-the-new-profile-who-dis-edition.html]
[recroom.com/ship-notes/2022/3/15/rec-room-patch-the-new-profile-who-dis-edition.html]
[recroom.com/ship-notes/2022/3/8/rec-room-update-the-new-profile-who-dis-edition.html]
[recroom.com/ship-notes/2022/3/1/rec-room-patch-the-maker-pen-makeover-edition.html]
[recroom.com/ship-notes/2022/2/24/rec-room-update-the-maker-pen-makeover-edition.html]
[recroom.com/ship-notes/2022/2/15/rec-room-update-the-wheres-my-cape-edition.html]
[recroom.com/ship-notes/2022/2/8/rec-room-patch-the-winter-wonderland-edition.html]
[recroom.com/ship-notes/2022/1/27/rec-room-patch-the-winter-wonderland-edition.html]
[recroom.com/ship-notes/2022/1/19/rec-room-patch-the-winter-wonderland-edition.html]
[recroom.com/ship-notes5cd3.html]
[recroom.com/ship-notes/2021/12/13/rec-room-update-the-winter-wonderland-edition.html]
[recroom.com/ship-notesebfe.html]
[recroom.com/ship-notes/2021/12/7/rec-room-update-the-winter-wonderland-edition.html]
[recroom.com/ship-notes/2021/12/2/rec-room-patch-the-rec-rally-edition.html]
[recroom.com/ship-notes/2021/11/19/rec-room-patch-the-rec-rally-edition.html]
[recroom.com/ship-notes/2021/11/11/rec-room-patch-the-rec-rally-edition.html]
[recroom.com/ship-notes/2021/10/25/rec-room-patch-the-rec-rally-edition.html]
[recroom.com/ship-notes/2021/10/12/rec-room-patch-the-rec-rally-edition.html]
[recroom.com/ship-notes/2021/10/5/rec-room-patch-the-rec-rally-edition.html]
[recroom.com/ship-notes/2021/9/28/rec-room-update-the-rec-rally-edition.html]
[recroom.com/ship-notes/2021/9/14/rec-room-patch-the-bento-box-edition.html]
[recroom.com/ship-notes/2021/9/7/rec-room-patch-the-bento-box-edition.html]
[recroom.com/ship-notes/2021/8/31/rec-room-patch-the-bento-box-edition.html]
[recroom.com/ship-notes/2021/8/24/rec-room-patch-the-bento-box-edition.html]
[recroom.com/ship-notes/2021/8/18/rec-room-update-the-bento-box-edition.html]
[recroom.com/ship-notes/2021/8/10/rec-room-update-the-take-me-home-edition.html]
[recroom.com/ship-notes/2021/8/4/rec-room-update-the-electric-sheep-edition.html]
[recroom.com/ship-notes/2021/7/27/rec-room-patch-the-the-dye-is-cast-edition.html]
[recroom.com/ship-notes/2021/7/20/rec-room-update-the-the-dye-is-cast-edition.html]
[recroom.com/ship-notes/2021/7/1/rec-room-update-the-cosplay-edition.html]
[recroom.com/ship-notes/2021/7/8/rec-room-patch-the-take-a-seat-edition.html]
[recroom.com/ship-notes/2021/6/30/rec-room-patch-the-take-a-seat-edition.html]
[recroom.com/ship-notes9c91.html]
[recroom.com/ship-notescaae.html]
[recroom.com/ship-notesa439.html]
[recroom.com/ship-notesaee6.html]
[recroom.com/ship-notesf484.html]
[recroom.com/ship-notes5cd3.html]
[recroom.com/ship-notes/2021/12/7/rec-room-update-the-winter-wonderland-edition.html]
[recroom.com/ship-notes/2021/12/2/rec-room-patch-the-rec-rally-edition.html]
[recroom.com/ship-notes/2021/11/19/rec-room-patch-the-rec-rally-edition.html]
[recroom.com/ship-notes/2021/11/11/rec-room-patch-the-rec-rally-edition.html]
[recroom.com/ship-notes/2021/10/25/rec-room-patch-the-rec-rally-edition.html]
[recroom.com/ship-notes/2021/10/12/rec-room-patch-the-rec-rally-edition.html]
[recroom.com/ship-notes/2021/10/5/rec-room-patch-the-rec-rally-edition.html]
[recroom.com/ship-notes/2021/9/28/rec-room-update-the-rec-rally-edition.html]
[recroom.com/ship-notes/2021/9/14/rec-room-patch-the-bento-box-edition.html]
[recroom.com/ship-notes/2021/9/7/rec-room-patch-the-bento-box-edition.html]
[recroom.com/ship-notes/2021/8/31/rec-room-patch-the-bento-box-edition.html]
[recroom.com/ship-notes/2021/8/24/rec-room-patch-the-bento-box-edition.html]
[recroom.com/ship-notes/2021/8/18/rec-room-update-the-bento-box-edition.html]
[recroom.com/ship-notes/2021/8/10/rec-room-update-the-take-me-home-edition.html]
[recroom.com/ship-notes/2021/8/4/rec-room-update-the-electric-sheep-edition.html]
[recroom.com/ship-notes/2021/7/27/rec-room-patch-the-the-dye-is-cast-edition.html]
[recroom.com/ship-notes/2021/7/20/rec-room-update-the-the-dye-is-cast-edition.html]
[recroom.com/ship-notes/2021/7/1/rec-room-update-the-cosplay-edition.html]
[recroom.com/ship-notes/2021/7/8/rec-room-patch-the-take-a-seat-edition.html]
[recroom.com/ship-notesf19b.html]
[recroom.com/ship-notes/2021/6/30/rec-room-patch-the-take-a-seat-edition.html]
[recroom.com/ship-notes9c91.html]
[recroom.com/ship-notes/2021/6/24/rec-room-patch-the-take-a-seat-edition.html]
[recroom.com/ship-notes/2021/6/14/rec-room-patch-the-take-a-seat-edition.html]
[recroom.com/ship-notes/2021/6/7/rec-room-update-the-take-a-seat-edition.html]
[recroom.com/ship-notes/2021/6/1/rec-room-patch-the-circuits-v2-edition.html]
[recroom.com/inventions.1c6.delayed]
[recroom.com/ship-notes/2021/5/23/rec-room-patch-the-circuits-v2-edition.html]
[recroom.com/ship-notes/2021/5/12/rec-room-patchnbsp-the-circuits-v2-edition.html]
[recroom.com/ship-notes/2021/5/7/rec-room-patchnbsp-the-circuits-v2-edition.html]
[recroom.com/ship-notes/2021/5/3/rec-room-update-the-circuits-v2-edition.html]
[recroom.com/ship-notes/2021/4/21/rec-room-patch-the-first-impressions-edition.html]
[recroom.com/ship-notes/2021/4/14/rec-room-update-the-first-impressions-edition.html]
[recroom.com/ship-notes/2021/4/9/rec-room-patch-the-color-me-impressed-edition.html]
[recroom.com/ship-notes/2021/3/31/rec-room-patch-the-color-me-impressed-edition.html]
[recroom.com/ship-notes/2021/3/23/rec-room-patch-the-color-me-impressed-edition.html]
[recroom.com/ship-notes/2021/3/11/rec-room-update-the-color-me-impressed-edition.html]
[recroom.com/ship-notes/2021/3/3/rec-room-update-the-copypasta-edition.html]
[recroom.com/ship-notes/2021/2/23/rec-room-patch-the-brimming-with-excitement-edition.html]
[recroom.com/ship-notes/2021/2/18/rec-room-patch-the-brimming-with-excitement-edition.html]
[recroom.com/ship-notes/2021/2/10/rec-room-update-the-brimming-with-excitement-edition.html]
[recroom.com/ship-notes/2021/2/4/rec-room-update-the-pane-in-the-glass-edition.html]
[recroom.com/ship-notes/2021/1/27/rec-room-patch-the-rec-royale-update-edition.html]
[recroom.com/ship-notes9bbf.html]
[recroom.com/ship-notesaee6.html]
[recroom.com/ship-notesf484.html]
[recroom.com/ship-notes78e6.html]
[recroom.com/ship-notesa633.html]
[recroom.com/ship-notesf19b.html]
[recroom.com/ship-notes/2021/6/24/rec-room-patch-the-take-a-seat-edition.html]
[recroom.com/ship-notes/2021/6/14/rec-room-patch-the-take-a-seat-edition.html]
[recroom.com/ship-notes/2021/6/7/rec-room-update-the-take-a-seat-edition.html]
[recroom.com/ship-notes/2021/6/1/rec-room-patch-the-circuits-v2-edition.html]
[recroom.com/ship-notes/2021/5/23/rec-room-patch-the-circuits-v2-edition.html]
[recroom.com/ship-notes/2021/5/12/rec-room-patchnbsp-the-circuits-v2-edition.html]
[recroom.com/ship-notes/2021/5/7/rec-room-patchnbsp-the-circuits-v2-edition.html]
[recroom.com/ship-notes/2021/5/3/rec-room-update-the-circuits-v2-edition.html]
[recroom.com/ship-notes/2021/4/21/rec-room-patch-the-first-impressions-edition.html]
[recroom.com/ship-notes/2021/4/14/rec-room-update-the-first-impressions-edition.html]
[recroom.com/ship-notes/2021/4/9/rec-room-patch-the-color-me-impressed-edition.html]
[recroom.com/ship-notes/2021/3/31/rec-room-patch-the-color-me-impressed-edition.html]
[recroom.com/ship-notes/2021/3/23/rec-room-patch-the-color-me-impressed-edition.html]
[recroom.com/ship-notes/2021/3/11/rec-room-update-the-color-me-impressed-edition.html]
[recroom.com/ship-notes/2021/3/3/rec-room-update-the-copypasta-edition.html]
[recroom.com/ship-notes/2021/2/23/rec-room-patch-the-brimming-with-excitement-edition.html]
[recroom.com/ship-notes/2021/2/18/rec-room-patch-the-brimming-with-excitement-edition.html]
[recroom.com/ship-notes/2021/2/10/rec-room-update-the-brimming-with-excitement-edition.html]
[recroom.com/ship-notes/2021/2/4/rec-room-update-the-pane-in-the-glass-edition.html]
[recroom.com/ship-notes12af.html]
[recroom.com/ship-notes/2021/1/27/rec-room-patch-the-rec-royale-update-edition.html]
[recroom.com/ship-notes9bbf.html]
[recroom.com/ship-notes/2021/1/14/rec-room-patch-the-rec-royale-update-edition.html]
[recroom.com/ship-notes/2020/12/17/rec-room-update-the-rec-royale-update-edition.html]
[recroom.com/ship-notes/2020/12/14/rec-room-update-the-reaching-and-waving-edition.html]
[recroom.com/ship-notes/2020/11/23/rec-room-patch-for-room-details-edition.html]
[recroom.com/ship-notes/2020/11/16/rec-room-update-the-room-details-edition.html]
[recroom.com/ship-notes/2020/11/9/rec-room-patch-the-going-questing-edition.html]
[recroom.com/ship-notes/2020/11/3/rec-room-patch-the-going-questing-edition.html]
[recroom.com/ship-notes/2020/10/19/rec-room-patch-the-going-questing-edition.html]
[recroom.com/ship-notes/2020/10/11/rec-room-update-the-going-questing-edition.html]
[recroom.com/ship-notes/2020/10/7/rec-room-update-the-events-improved-edition.html]
[recroom.com/ship-notes/2020/9/28/rec-room-patch-for-the-ink-space-edition.html]
[recroom.com/ship-notes/2020/9/21/rec-room-patch-for-the-ink-space-edition.html]
[recroom.com/ship-notes/2020/9/9/8dh725y1ah0qdfjyyu7onlp8vbvhxt.html]
[recroom.com/ship-notes/2020/9/8/rec-room-update-the-ink-space-edition.html]
[recroom.com/ship-notes/2020/9/1/rec-room-patch-for-the-ambidextrous-edition.html]
[recroom.com/ship-notes/2020/8/31/rec-room-update-the-ambidextrous-edition.html]
[recroom.com/ship-notes/2020/8/24/rec-room-patch-for-the-beta-edition.html]
[recroom.com/ship-notes/2020/7/29/rec-room-update-the-club-events-edition-fddgt.html]
[recroom.com/ship-notes/2020/7/29/rec-room-update-the-club-events-edition.html]
[recroom.com/ship-notes/2020/7/27/rec-room-patch-the-mirror-mirror-edition.html]
[recroom.com/ship-notesa0d4.html]
[recroom.com/ship-notes78e6.html]
[recroom.com/ship-notesa633.html]
[recroom.com/ship-notes9dc9.html]
[recroom.com/ship-notes6818.html]
[recroom.com/ship-notes12af.html]
[recroom.com/ship-notes/2021/1/14/rec-room-patch-the-rec-royale-update-edition.html]
[recroom.com/ship-notes/2020/12/17/rec-room-update-the-rec-royale-update-edition.html]
[recroom.com/ship-notes/2020/12/14/rec-room-update-the-reaching-and-waving-edition.html]
[recroom.com/ship-notes/2020/11/23/rec-room-patch-for-room-details-edition.html]
[recroom.com/ship-notes/2020/11/16/rec-room-update-the-room-details-edition.html]
[recroom.com/ship-notes/2020/11/9/rec-room-patch-the-going-questing-edition.html]
[recroom.com/ship-notes/2020/11/3/rec-room-patch-the-going-questing-edition.html]
[recroom.com/ship-notes/2020/10/19/rec-room-patch-the-going-questing-edition.html]
[recroom.com/ship-notes/2020/10/11/rec-room-update-the-going-questing-edition.html]
[recroom.com/ship-notes/2020/10/7/rec-room-update-the-events-improved-edition.html]
[recroom.com/ship-notes/2020/9/28/rec-room-patch-for-the-ink-space-edition.html]
[recroom.com/ship-notes/2020/9/21/rec-room-patch-for-the-ink-space-edition.html]
[recroom.com/ship-notes/2020/9/9/8dh725y1ah0qdfjyyu7onlp8vbvhxt.html]
[recroom.com/ship-notes/2020/9/8/rec-room-update-the-ink-space-edition.html]
[recroom.com/ship-notes/2020/9/1/rec-room-patch-for-the-ambidextrous-edition.html]
[recroom.com/ship-notes/2020/8/31/rec-room-update-the-ambidextrous-edition.html]
[recroom.com/ship-notes/2020/8/24/rec-room-patch-for-the-beta-edition.html]
[recroom.com/ship-notes/2020/7/29/rec-room-update-the-club-events-edition-fddgt.html]
[recroom.com/ship-notes/2020/7/29/rec-room-update-the-club-events-edition.html]
[recroom.com/ship-notes0c8e.html]
[recroom.com/ship-notes/2020/7/27/rec-room-patch-the-mirror-mirror-edition.html]
[recroom.com/ship-notesa0d4.html]
[recroom.com/ship-notes/2020/7/21/rec-room-update-the-mirror-mirror-edition.html]
[recroom.com/ship-notes/2020/7/16/rec-room-patch-the-the-game-gets-even-better-edition.html]
[recroom.com/ship-notes/2020/7/8/rec-room-update-the-the-game-gets-even-better-edition.html]
[recroom.com/ship-notes/2020/6/30/rec-room-update-the-the-game-gets-better-edition.html]
[recroom.com/ship-notes/2020/6/25/rec-room-update-the-room-rec-edition.html]
[recroom.com/ship-notes/2020/6/15/rec-room-patch-the-ios-iteration-edition.html]
[recroom.com/ship-notes/2020/6/8/rec-room-patch-the-announcements-in-the-club-edition.html]
[recroom.com/ship-notes/2020/5/26/rec-room-update-the-announcing-in-the-club-edition.html]
[recroom.com/ship-notes/2020/5/18/rec-room-update-the-meetups-everywhere-edition.html]
[recroom.com/ship-notes9dc9.html]
[recroom.com/ship-notes6818.html]
[recroom.com/ship-notes06ae.html]
[recroom.com/ship-notes0c8e.html]
[recroom.com/ship-notes/2020/7/21/rec-room-update-the-mirror-mirror-edition.html]
[recroom.com/ship-notes/2020/7/16/rec-room-patch-the-the-game-gets-even-better-edition.html]
[recroom.com/ship-notes/2020/7/8/rec-room-update-the-the-game-gets-even-better-edition.html]
[recroom.com/ship-notes/2020/6/30/rec-room-update-the-the-game-gets-better-edition.html]
[recroom.com/ship-notes/2020/6/25/rec-room-update-the-room-rec-edition.html]
[recroom.com/ship-notes/2020/6/15/rec-room-patch-the-ios-iteration-edition.html]
[recroom.com/ship-notes/2020/6/8/rec-room-patch-the-announcements-in-the-club-edition.html]
[recroom.com/ship-notes/2020/5/26/rec-room-update-the-announcing-in-the-club-edition.html]
[recroom.com/ship-notes/2020/5/18/rec-room-update-the-meetups-everywhere-edition.html]
[recroom.com/ship-notes06ae.html]
[recroom.com/ship-notes781f.html]
[recroom.com/ship-notes781f.html]
